Initialized native services in: C:\Users\hapto\.gradle\native
Initialized jansi services in: C:\Users\hapto\.gradle\native
The client will now receive all logging from the daemon (pid: 32064). The daemon log file: C:\Users\hapto\.gradle\daemon\9.2.1\daemon-32064.out.log
Starting 2nd build in daemon [uptime: 1 mins 15.154 secs, performance: 100%, GC rate: 0.00/s, heap usage: 1% of 2 GiB]
Using 28 worker leases.
Operational build model parameters: {requiresToolingModels=false, parallelProjectExecution=false, configureOnDemand=false, configurationCache=false, configurationCacheParallelStore=false, configurationCacheParallelLoad=true, isolatedProjects=false, parallelProjectConfiguration=false, intermediateModelCache=false, parallelToolingApiActions=false, invalidateCoupledProjects=false, modelAsProjectDependency=false, resilientModelBuilding=false}
Now considering [C:\Users\hapto\AndroidStudioProjects\VectOS] as hierarchies to watch
Watching the file system is configured to be enabled if available
File system watching is active
Starting Build
Resolved plugin [id: 'org.gradle.toolchains.foojay-resolver-convention', version: '1.0.0']
Settings evaluated using settings file 'C:\Users\hapto\AndroidStudioProjects\VectOS\settings.gradle.kts'.
Projects loaded. Root project using build file 'C:\Users\hapto\AndroidStudioProjects\VectOS\build.gradle.kts'.
Included projects: [root project 'VectOS', project ':app']

> Configure project :
Evaluating root project 'VectOS' using build file 'C:\Users\hapto\AndroidStudioProjects\VectOS\build.gradle.kts'.
Resolved plugin [id: 'com.android.application', version: '8.7.3', apply: false]
Resolved plugin [id: 'org.jetbrains.kotlin.android', version: '2.0.21', apply: false]
Resolved plugin [id: 'org.jetbrains.kotlin.plugin.compose', version: '2.0.21', apply: false]
Resolved plugin [id: 'com.google.devtools.ksp', version: '2.0.21-1.0.27', apply: false]

> Configure project :app
Evaluating project ':app' using build file 'C:\Users\hapto\AndroidStudioProjects\VectOS\app\build.gradle.kts'.
Resolved plugin [id: 'com.android.application', version: '8.7.3']
Resolved plugin [id: 'org.jetbrains.kotlin.android', version: '2.0.21']
Resolved plugin [id: 'org.jetbrains.kotlin.plugin.compose', version: '2.0.21']
Resolved plugin [id: 'com.google.devtools.ksp', version: '2.0.21-1.0.27']
Resolved plugin [id: 'org.jetbrains.kotlin.plugin.serialization', version: '2.0.21']
Using default execution profile
Using Kotlin Gradle Plugin gradle85 variant
Detected Android Gradle Plugin compose compiler configuration
Detected Android Gradle Plugin compose compiler configuration
Detected Android Gradle Plugin compose compiler configuration
Detected Android Gradle Plugin compose compiler configuration
Detected Android Gradle Plugin compose compiler configuration
All projects evaluated.
Task name matched 'testDebugUnitTest'
Selected primary task 'testDebugUnitTest' from project :
Tasks to be executed: [task ':app:checkKotlinGradlePluginConfigurationErrors', task ':app:preBuild', task ':app:preDebugBuild', task ':app:checkDebugAarMetadata', task ':app:generateDebugResValues', task ':app:mapDebugSourceSetPaths', task ':app:generateDebugResources', task ':app:mergeDebugResources', task ':app:packageDebugResources', task ':app:parseDebugLocalResources', task ':app:createDebugCompatibleScreenManifests', task ':app:extractDeepLinksDebug', task ':app:processDebugMainManifest', task ':app:processDebugManifest', task ':app:processDebugManifestForPackage', task ':app:processDebugResources', task ':app:kspDebugKotlin', task ':app:compileDebugKotlin', task ':app:javaPreCompileDebug', task ':app:compileDebugJavaWithJavac', task ':app:bundleDebugClassesToRuntimeJar', task ':app:bundleDebugClassesToCompileJar', task ':app:kspDebugUnitTestKotlin', task ':app:compileDebugUnitTestKotlin', task ':app:preDebugUnitTestBuild', task ':app:javaPreCompileDebugUnitTest', task ':app:compileDebugUnitTestJavaWithJavac', task ':app:processDebugJavaRes', task ':app:processDebugUnitTestJavaRes', task ':app:testDebugUnitTest']
Tasks that were excluded: []
Resolve mutations for :app:checkKotlinGradlePluginConfigurationErrors (Thread[#533,Execution worker,5,main]) started.
:app:checkKotlinGradlePluginConfigurationErrors (Thread[#533,Execution worker,5,main]) started.

> Task :app:checkKotlinGradlePluginConfigurationErrors SKIPPED
Skipping task ':app:checkKotlinGradlePluginConfigurationErrors' as task onlyIf 'errorDiagnostics are present' is false.
Resolve mutations for :app:preBuild (Thread[#533,Execution worker,5,main]) started.
:app:preBuild (Thread[#533,Execution worker,5,main]) started.

> Task :app:preBuild UP-TO-DATE
Skipping task ':app:preBuild' as it has no actions.
Resolve mutations for :app:preDebugBuild (Thread[#533,Execution worker,5,main]) started.
:app:preDebugBuild (Thread[#551,Execution worker Thread 19,5,main]) started.

> Task :app:preDebugBuild UP-TO-DATE
Skipping task ':app:preDebugBuild' as it has no actions.
Resolve mutations for :app:checkDebugAarMetadata (Thread[#551,Execution worker Thread 19,5,main]) started.
:app:checkDebugAarMetadata (Thread[#551,Execution worker Thread 19,5,main]) started.

> Task :app:checkDebugAarMetadata UP-TO-DATE
Caching disabled for task ':app:checkDebugAarMetadata' because:
  Build cache is disabled
  Caching has been disabled for the task
Skipping task ':app:checkDebugAarMetadata' as it is up-to-date.
Resolve mutations for :app:generateDebugResValues (Thread[#551,Execution worker Thread 19,5,main]) started.
:app:generateDebugResValues (Thread[#558,Execution worker Thread 26,5,main]) started.

> Task :app:generateDebugResValues UP-TO-DATE
Caching disabled for task ':app:generateDebugResValues' because:
  Build cache is disabled
Skipping task ':app:generateDebugResValues' as it is up-to-date.
Resolve mutations for :app:mapDebugSourceSetPaths (Thread[#558,Execution worker Thread 26,5,main]) started.
:app:mapDebugSourceSetPaths (Thread[#539,Execution worker Thread 7,5,main]) started.

> Task :app:mapDebugSourceSetPaths UP-TO-DATE
Caching disabled for task ':app:mapDebugSourceSetPaths' because:
  Build cache is disabled
  Caching has been disabled for the task
Skipping task ':app:mapDebugSourceSetPaths' as it is up-to-date.
Resolve mutations for :app:generateDebugResources (Thread[#539,Execution worker Thread 7,5,main]) started.
:app:generateDebugResources (Thread[#539,Execution worker Thread 7,5,main]) started.

> Task :app:generateDebugResources UP-TO-DATE
Caching disabled for task ':app:generateDebugResources' because:
  Build cache is disabled
Skipping task ':app:generateDebugResources' as it is up-to-date.
Resolve mutations for :app:mergeDebugResources (Thread[#558,Execution worker Thread 26,5,main]) started.
:app:mergeDebugResources (Thread[#558,Execution worker Thread 26,5,main]) started.

> Task :app:mergeDebugResources UP-TO-DATE
Caching disabled for task ':app:mergeDebugResources' because:
  Build cache is disabled
Skipping task ':app:mergeDebugResources' as it is up-to-date.
Resolve mutations for :app:packageDebugResources (Thread[#558,Execution worker Thread 26,5,main]) started.
:app:packageDebugResources (Thread[#558,Execution worker Thread 26,5,main]) started.

> Task :app:packageDebugResources UP-TO-DATE
Caching disabled for task ':app:packageDebugResources' because:
  Build cache is disabled
Skipping task ':app:packageDebugResources' as it is up-to-date.
Resolve mutations for :app:parseDebugLocalResources (Thread[#558,Execution worker Thread 26,5,main]) started.
:app:parseDebugLocalResources (Thread[#558,Execution worker Thread 26,5,main]) started.

> Task :app:parseDebugLocalResources UP-TO-DATE
Caching disabled for task ':app:parseDebugLocalResources' because:
  Build cache is disabled
Skipping task ':app:parseDebugLocalResources' as it is up-to-date.
Resolve mutations for :app:createDebugCompatibleScreenManifests (Thread[#558,Execution worker Thread 26,5,main]) started.
:app:createDebugCompatibleScreenManifests (Thread[#558,Execution worker Thread 26,5,main]) started.

> Task :app:createDebugCompatibleScreenManifests UP-TO-DATE
Caching disabled for task ':app:createDebugCompatibleScreenManifests' because:
  Build cache is disabled
  Caching has been disabled for the task
Skipping task ':app:createDebugCompatibleScreenManifests' as it is up-to-date.
Resolve mutations for :app:extractDeepLinksDebug (Thread[#558,Execution worker Thread 26,5,main]) started.
:app:extractDeepLinksDebug (Thread[#536,Execution worker Thread 4,5,main]) started.

> Task :app:extractDeepLinksDebug UP-TO-DATE
Caching disabled for task ':app:extractDeepLinksDebug' because:
  Build cache is disabled
Skipping task ':app:extractDeepLinksDebug' as it is up-to-date.
Resolve mutations for :app:processDebugMainManifest (Thread[#536,Execution worker Thread 4,5,main]) started.
:app:processDebugMainManifest (Thread[#536,Execution worker Thread 4,5,main]) started.

> Task :app:processDebugMainManifest UP-TO-DATE
Caching disabled for task ':app:processDebugMainManifest' because:
  Build cache is disabled
Skipping task ':app:processDebugMainManifest' as it is up-to-date.
Resolve mutations for :app:processDebugManifest (Thread[#536,Execution worker Thread 4,5,main]) started.
:app:processDebugManifest (Thread[#536,Execution worker Thread 4,5,main]) started.

> Task :app:processDebugManifest UP-TO-DATE
Caching disabled for task ':app:processDebugManifest' because:
  Build cache is disabled
Skipping task ':app:processDebugManifest' as it is up-to-date.
Resolve mutations for :app:processDebugManifestForPackage (Thread[#536,Execution worker Thread 4,5,main]) started.
:app:processDebugManifestForPackage (Thread[#536,Execution worker Thread 4,5,main]) started.

> Task :app:processDebugManifestForPackage UP-TO-DATE
Custom actions are attached to task ':app:processDebugManifestForPackage'.
Caching disabled for task ':app:processDebugManifestForPackage' because:
  Build cache is disabled
Skipping task ':app:processDebugManifestForPackage' as it is up-to-date.
Resolve mutations for :app:processDebugResources (Thread[#536,Execution worker Thread 4,5,main]) started.
:app:processDebugResources (Thread[#536,Execution worker Thread 4,5,main]) started.

> Task :app:processDebugResources UP-TO-DATE
Caching disabled for task ':app:processDebugResources' because:
  Build cache is disabled
Skipping task ':app:processDebugResources' as it is up-to-date.
Resolve mutations for :app:kspDebugKotlin (Thread[#536,Execution worker Thread 4,5,main]) started.
:app:kspDebugKotlin (Thread[#536,Execution worker Thread 4,5,main]) started.

> Task :app:kspDebugKotlin UP-TO-DATE
file or directory 'C:\Users\hapto\AndroidStudioProjects\VectOS\app\src\debug\kotlin', not found
file or directory 'C:\Users\hapto\AndroidStudioProjects\VectOS\app\src\debug\java', not found
file or directory 'C:\Users\hapto\AndroidStudioProjects\VectOS\app\src\main\kotlin', not found
file or directory 'C:\Users\hapto\AndroidStudioProjects\VectOS\app\src\debug\java', not found
file or directory 'C:\Users\hapto\AndroidStudioProjects\VectOS\app\src\debug\kotlin', not found
file or directory 'C:\Users\hapto\AndroidStudioProjects\VectOS\app\src\debug\java', not found
file or directory 'C:\Users\hapto\AndroidStudioProjects\VectOS\app\src\main\kotlin', not found
file or directory 'C:\Users\hapto\AndroidStudioProjects\VectOS\app\src\debug\java', not found
Caching disabled for task ':app:kspDebugKotlin' because:
  Build cache is disabled
Skipping task ':app:kspDebugKotlin' as it is up-to-date.
Resolve mutations for :app:compileDebugKotlin (Thread[#536,Execution worker Thread 4,5,main]) started.
:app:compileDebugKotlin (Thread[#544,Execution worker Thread 12,5,main]) started.

> Task :app:compileDebugKotlin UP-TO-DATE
Caching disabled for task ':app:compileDebugKotlin' because:
  Build cache is disabled
Skipping task ':app:compileDebugKotlin' as it is up-to-date.
Resolve mutations for :app:javaPreCompileDebug (Thread[#544,Execution worker Thread 12,5,main]) started.
:app:javaPreCompileDebug (Thread[#544,Execution worker Thread 12,5,main]) started.

> Task :app:javaPreCompileDebug UP-TO-DATE
Caching disabled for task ':app:javaPreCompileDebug' because:
  Build cache is disabled
Skipping task ':app:javaPreCompileDebug' as it is up-to-date.
Resolve mutations for :app:compileDebugJavaWithJavac (Thread[#544,Execution worker Thread 12,5,main]) started.
:app:compileDebugJavaWithJavac (Thread[#544,Execution worker Thread 12,5,main]) started.

> Task :app:compileDebugJavaWithJavac UP-TO-DATE
file or directory 'C:\Users\hapto\AndroidStudioProjects\VectOS\app\build\generated\ksp\debug\classes', not found
file or directory 'C:\Users\hapto\AndroidStudioProjects\VectOS\app\build\generated\ksp\debug\classes', not found
Custom actions are attached to task ':app:compileDebugJavaWithJavac'.
Caching disabled for task ':app:compileDebugJavaWithJavac' because:
  Build cache is disabled
Skipping task ':app:compileDebugJavaWithJavac' as it is up-to-date.
No compile result for :app:compileDebugJavaWithJavac
Resolve mutations for :app:bundleDebugClassesToRuntimeJar (Thread[#544,Execution worker Thread 12,5,main]) started.
:app:bundleDebugClassesToRuntimeJar (Thread[#544,Execution worker Thread 12,5,main]) started.

> Task :app:bundleDebugClassesToRuntimeJar UP-TO-DATE
file or directory 'C:\Users\hapto\AndroidStudioProjects\VectOS\app\build\generated\ksp\debug\classes', not found
file or directory 'C:\Users\hapto\AndroidStudioProjects\VectOS\app\build\generated\ksp\debug\classes', not found
Caching disabled for task ':app:bundleDebugClassesToRuntimeJar' because:
  Build cache is disabled
  Caching has been disabled for the task
Skipping task ':app:bundleDebugClassesToRuntimeJar' as it is up-to-date.
work action resolve classes.jar (project :app) (Thread[#544,Execution worker Thread 12,5,main]) started.
Resolve mutations for :app:bundleDebugClassesToCompileJar (Thread[#544,Execution worker Thread 12,5,main]) started.
:app:bundleDebugClassesToCompileJar (Thread[#535,Execution worker Thread 3,5,main]) started.

> Task :app:bundleDebugClassesToCompileJar UP-TO-DATE
Caching disabled for task ':app:bundleDebugClassesToCompileJar' because:
  Build cache is disabled
  Caching has been disabled for the task
Skipping task ':app:bundleDebugClassesToCompileJar' as it is up-to-date.
work action resolve classes.jar (project :app) (Thread[#535,Execution worker Thread 3,5,main]) started.
Resolve mutations for :app:kspDebugUnitTestKotlin (Thread[#535,Execution worker Thread 3,5,main]) started.
:app:kspDebugUnitTestKotlin (Thread[#544,Execution worker Thread 12,5,main]) started.
Resolve mutations for :app:preDebugUnitTestBuild (Thread[#535,Execution worker Thread 3,5,main]) started.
:app:preDebugUnitTestBuild (Thread[#535,Execution worker Thread 3,5,main]) started.

> Task :app:preDebugUnitTestBuild UP-TO-DATE
Skipping task ':app:preDebugUnitTestBuild' as it has no actions.
Resolve mutations for :app:javaPreCompileDebugUnitTest (Thread[#535,Execution worker Thread 3,5,main]) started.
:app:javaPreCompileDebugUnitTest (Thread[#535,Execution worker Thread 3,5,main]) started.

> Task :app:javaPreCompileDebugUnitTest UP-TO-DATE
Caching disabled for task ':app:javaPreCompileDebugUnitTest' because:
  Build cache is disabled
Skipping task ':app:javaPreCompileDebugUnitTest' as it is up-to-date.
Resolve mutations for :app:processDebugJavaRes (Thread[#535,Execution worker Thread 3,5,main]) started.
:app:processDebugJavaRes (Thread[#535,Execution worker Thread 3,5,main]) started.

> Task :app:processDebugJavaRes UP-TO-DATE
file or directory 'C:\Users\hapto\AndroidStudioProjects\VectOS\app\src\main\resources', not found
file or directory 'C:\Users\hapto\AndroidStudioProjects\VectOS\app\src\debug\resources', not found
file or directory 'C:\Users\hapto\AndroidStudioProjects\VectOS\app\build\generated\ksp\debug\classes', not found
file or directory 'C:\Users\hapto\AndroidStudioProjects\VectOS\app\build\generated\ksp\debug\classes', not found
Caching disabled for task ':app:processDebugJavaRes' because:
  Build cache is disabled
  Caching has been disabled for the task
Skipping task ':app:processDebugJavaRes' as it is up-to-date.
work action resolve out (project :app) (Thread[#535,Execution worker Thread 3,5,main]) started.

> Task :app:kspDebugUnitTestKotlin
file or directory 'C:\Users\hapto\AndroidStudioProjects\VectOS\app\src\debugUnitTest\kotlin', not found
file or directory 'C:\Users\hapto\AndroidStudioProjects\VectOS\app\src\test\kotlin', not found
file or directory 'C:\Users\hapto\AndroidStudioProjects\VectOS\app\src\testDebug\kotlin', not found
file or directory 'C:\Users\hapto\AndroidStudioProjects\VectOS\app\src\testDebug\java', not found
file or directory 'C:\Users\hapto\AndroidStudioProjects\VectOS\app\src\testDebug\java', not found
file or directory 'C:\Users\hapto\AndroidStudioProjects\VectOS\app\src\debugUnitTest\kotlin', not found
file or directory 'C:\Users\hapto\AndroidStudioProjects\VectOS\app\src\test\kotlin', not found
file or directory 'C:\Users\hapto\AndroidStudioProjects\VectOS\app\src\testDebug\kotlin', not found
file or directory 'C:\Users\hapto\AndroidStudioProjects\VectOS\app\src\testDebug\java', not found
file or directory 'C:\Users\hapto\AndroidStudioProjects\VectOS\app\src\testDebug\java', not found
Caching disabled for task ':app:kspDebugUnitTestKotlin' because:
  Build cache is disabled
Task ':app:kspDebugUnitTestKotlin' is not up-to-date because:
  Input property 'sources' file C:\Users\hapto\AndroidStudioProjects\VectOS\app\src\test\java\com\lz\vectos\domain\structural\CapacityEngineTest.kt has changed.
file or directory 'C:\Users\hapto\AndroidStudioProjects\VectOS\app\src\debugUnitTest\kotlin', not found
file or directory 'C:\Users\hapto\AndroidStudioProjects\VectOS\app\src\test\kotlin', not found
file or directory 'C:\Users\hapto\AndroidStudioProjects\VectOS\app\src\testDebug\kotlin', not found
file or directory 'C:\Users\hapto\AndroidStudioProjects\VectOS\app\src\testDebug\java', not found
file or directory 'C:\Users\hapto\AndroidStudioProjects\VectOS\app\src\testDebug\java', not found
file or directory 'C:\Users\hapto\AndroidStudioProjects\VectOS\app\src\debugUnitTest\kotlin', not found
file or directory 'C:\Users\hapto\AndroidStudioProjects\VectOS\app\src\test\kotlin', not found
file or directory 'C:\Users\hapto\AndroidStudioProjects\VectOS\app\src\testDebug\kotlin', not found
file or directory 'C:\Users\hapto\AndroidStudioProjects\VectOS\app\src\testDebug\java', not found
file or directory 'C:\Users\hapto\AndroidStudioProjects\VectOS\app\src\testDebug\java', not found
file or directory 'C:\Users\hapto\AndroidStudioProjects\VectOS\app\src\debugUnitTest\kotlin', not found
file or directory 'C:\Users\hapto\AndroidStudioProjects\VectOS\app\src\test\kotlin', not found
file or directory 'C:\Users\hapto\AndroidStudioProjects\VectOS\app\src\testDebug\kotlin', not found
file or directory 'C:\Users\hapto\AndroidStudioProjects\VectOS\app\src\testDebug\java', not found
file or directory 'C:\Users\hapto\AndroidStudioProjects\VectOS\app\src\testDebug\java', not found
file or directory 'C:\Users\hapto\AndroidStudioProjects\VectOS\app\src\debugUnitTest\kotlin', not found
file or directory 'C:\Users\hapto\AndroidStudioProjects\VectOS\app\src\test\kotlin', not found
file or directory 'C:\Users\hapto\AndroidStudioProjects\VectOS\app\src\testDebug\kotlin', not found
file or directory 'C:\Users\hapto\AndroidStudioProjects\VectOS\app\src\testDebug\java', not found
file or directory 'C:\Users\hapto\AndroidStudioProjects\VectOS\app\src\testDebug\java', not found
Kotlin source files: C:\Users\hapto\AndroidStudioProjects\VectOS\app\src\test\java\com\lz\vectos\domain\structural\aisc\AiscSteelCapacityCalculatorTest.kt, C:\Users\hapto\AndroidStudioProjects\VectOS\app\src\test\java\com\lz\vectos\domain\structural\analysis\BeamAnalysisSolverVerificationTest.kt, C:\Users\hapto\AndroidStudioProjects\VectOS\app\src\test\java\com\lz\vectos\domain\structural\CapacityEngineTest.kt, C:\Users\hapto\AndroidStudioProjects\VectOS\app\src\test\java\com\lz\vectos\ExampleUnitTest.kt
Java source files: 
Script source files: 
Script file extensions: 
[KOTLIN] Kotlin compilation 'jdkHome' argument: null
i: [ksp] loaded provider(s): [androidx.room.RoomKspProcessor$Provider]
Finished executing kotlin compiler using DAEMON strategy
Resolve mutations for :app:compileDebugUnitTestKotlin (Thread[#535,Execution worker Thread 3,5,main]) started.
:app:compileDebugUnitTestKotlin (Thread[#535,Execution worker Thread 3,5,main]) started.

> Task :app:compileDebugUnitTestKotlin
Caching disabled for task ':app:compileDebugUnitTestKotlin' because:
  Build cache is disabled
Task ':app:compileDebugUnitTestKotlin' is not up-to-date because:
  Input property 'sources' file C:\Users\hapto\AndroidStudioProjects\VectOS\app\src\test\java\com\lz\vectos\domain\structural\CapacityEngineTest.kt has changed.
file or directory 'C:\Users\hapto\AndroidStudioProjects\VectOS\app\src\debugUnitTest\kotlin', not found
file or directory 'C:\Users\hapto\AndroidStudioProjects\VectOS\app\build\generated\ksp\debugUnitTest\java', not found
file or directory 'C:\Users\hapto\AndroidStudioProjects\VectOS\app\src\test\kotlin', not found
file or directory 'C:\Users\hapto\AndroidStudioProjects\VectOS\app\src\test\kotlin', not found
file or directory 'C:\Users\hapto\AndroidStudioProjects\VectOS\app\src\test\kotlin', not found
file or directory 'C:\Users\hapto\AndroidStudioProjects\VectOS\app\src\testDebug\kotlin', not found
file or directory 'C:\Users\hapto\AndroidStudioProjects\VectOS\app\src\testDebug\java', not found
file or directory 'C:\Users\hapto\AndroidStudioProjects\VectOS\app\src\testDebug\kotlin', not found
file or directory 'C:\Users\hapto\AndroidStudioProjects\VectOS\app\src\testDebug\kotlin', not found
file or directory 'C:\Users\hapto\AndroidStudioProjects\VectOS\app\src\testDebug\java', not found
file or directory 'C:\Users\hapto\AndroidStudioProjects\VectOS\app\src\testDebug\java', not found
file or directory 'C:\Users\hapto\AndroidStudioProjects\VectOS\app\build\generated\ksp\debugUnitTest\java', not found
file or directory 'C:\Users\hapto\AndroidStudioProjects\VectOS\app\src\debugUnitTest\kotlin', not found
file or directory 'C:\Users\hapto\AndroidStudioProjects\VectOS\app\build\generated\ksp\debugUnitTest\java', not found
file or directory 'C:\Users\hapto\AndroidStudioProjects\VectOS\app\src\test\kotlin', not found
file or directory 'C:\Users\hapto\AndroidStudioProjects\VectOS\app\src\test\kotlin', not found
file or directory 'C:\Users\hapto\AndroidStudioProjects\VectOS\app\src\test\kotlin', not found
file or directory 'C:\Users\hapto\AndroidStudioProjects\VectOS\app\src\testDebug\kotlin', not found
file or directory 'C:\Users\hapto\AndroidStudioProjects\VectOS\app\src\testDebug\java', not found
file or directory 'C:\Users\hapto\AndroidStudioProjects\VectOS\app\src\testDebug\kotlin', not found
file or directory 'C:\Users\hapto\AndroidStudioProjects\VectOS\app\src\testDebug\kotlin', not found
file or directory 'C:\Users\hapto\AndroidStudioProjects\VectOS\app\src\testDebug\java', not found
file or directory 'C:\Users\hapto\AndroidStudioProjects\VectOS\app\src\testDebug\java', not found
file or directory 'C:\Users\hapto\AndroidStudioProjects\VectOS\app\build\generated\ksp\debugUnitTest\java', not found
file or directory 'C:\Users\hapto\AndroidStudioProjects\VectOS\app\src\debugUnitTest\kotlin', not found
file or directory 'C:\Users\hapto\AndroidStudioProjects\VectOS\app\build\generated\ksp\debugUnitTest\java', not found
file or directory 'C:\Users\hapto\AndroidStudioProjects\VectOS\app\src\test\kotlin', not found
file or directory 'C:\Users\hapto\AndroidStudioProjects\VectOS\app\src\test\kotlin', not found
file or directory 'C:\Users\hapto\AndroidStudioProjects\VectOS\app\src\test\kotlin', not found
file or directory 'C:\Users\hapto\AndroidStudioProjects\VectOS\app\src\testDebug\kotlin', not found
file or directory 'C:\Users\hapto\AndroidStudioProjects\VectOS\app\src\testDebug\java', not found
file or directory 'C:\Users\hapto\AndroidStudioProjects\VectOS\app\src\testDebug\kotlin', not found
file or directory 'C:\Users\hapto\AndroidStudioProjects\VectOS\app\src\testDebug\kotlin', not found
file or directory 'C:\Users\hapto\AndroidStudioProjects\VectOS\app\src\testDebug\java', not found
file or directory 'C:\Users\hapto\AndroidStudioProjects\VectOS\app\src\testDebug\java', not found
file or directory 'C:\Users\hapto\AndroidStudioProjects\VectOS\app\build\generated\ksp\debugUnitTest\java', not found
file or directory 'C:\Users\hapto\AndroidStudioProjects\VectOS\app\src\debugUnitTest\kotlin', not found
file or directory 'C:\Users\hapto\AndroidStudioProjects\VectOS\app\build\generated\ksp\debugUnitTest\java', not found
file or directory 'C:\Users\hapto\AndroidStudioProjects\VectOS\app\src\test\kotlin', not found
file or directory 'C:\Users\hapto\AndroidStudioProjects\VectOS\app\src\test\kotlin', not found
file or directory 'C:\Users\hapto\AndroidStudioProjects\VectOS\app\src\test\kotlin', not found
file or directory 'C:\Users\hapto\AndroidStudioProjects\VectOS\app\src\testDebug\kotlin', not found
file or directory 'C:\Users\hapto\AndroidStudioProjects\VectOS\app\src\testDebug\java', not found
file or directory 'C:\Users\hapto\AndroidStudioProjects\VectOS\app\src\testDebug\kotlin', not found
file or directory 'C:\Users\hapto\AndroidStudioProjects\VectOS\app\src\testDebug\kotlin', not found
file or directory 'C:\Users\hapto\AndroidStudioProjects\VectOS\app\src\testDebug\java', not found
file or directory 'C:\Users\hapto\AndroidStudioProjects\VectOS\app\src\testDebug\java', not found
file or directory 'C:\Users\hapto\AndroidStudioProjects\VectOS\app\build\generated\ksp\debugUnitTest\java', not found
Kotlin source files: C:\Users\hapto\AndroidStudioProjects\VectOS\app\src\test\java\com\lz\vectos\domain\structural\aisc\AiscSteelCapacityCalculatorTest.kt, C:\Users\hapto\AndroidStudioProjects\VectOS\app\src\test\java\com\lz\vectos\domain\structural\analysis\BeamAnalysisSolverVerificationTest.kt, C:\Users\hapto\AndroidStudioProjects\VectOS\app\src\test\java\com\lz\vectos\domain\structural\CapacityEngineTest.kt, C:\Users\hapto\AndroidStudioProjects\VectOS\app\src\test\java\com\lz\vectos\ExampleUnitTest.kt
Java source files: 
Script source files: 
Script file extensions: 
Using Kotlin/JVM incremental compilation
[KOTLIN] Kotlin compilation 'jdkHome' argument: null
Options for KOTLIN DAEMON: IncrementalCompilationOptions(super=CompilationOptions(compilerMode=INCREMENTAL_COMPILER, targetPlatform=JVM, reportCategories=[0, 3], reportSeverity=2, requestedCompilationResults=[0], kotlinScriptExtensions=[]), areFileChangesKnown=true, modifiedFiles=[C:\Users\hapto\AndroidStudioProjects\VectOS\app\src\test\java\com\lz\vectos\domain\structural\CapacityEngineTest.kt], deletedFiles=[], classpathChanges=NoChanges, workingDir=C:\Users\hapto\AndroidStudioProjects\VectOS\app\build\kotlin\compileDebugUnitTestKotlin\cacheable, multiModuleICSettings=MultiModuleICSettings(buildHistoryFile=C:\Users\hapto\AndroidStudioProjects\VectOS\app\build\kotlin\compileDebugUnitTestKotlin\local-state\build-history.bin, useModuleDetection=true), usePreciseJavaTracking=true, icFeatures=IncrementalCompilationFeatures(withAbiSnapshot=false, preciseCompilationResultsBackup=true, keepIncrementalCompilationCachesInMemory=true, enableUnsafeIncrementalCompilationForMultiplatform=false), outputFiles=[C:\Users\hapto\AndroidStudioProjects\VectOS\app\build\tmp\kotlin-classes\debugUnitTest, C:\Users\hapto\AndroidStudioProjects\VectOS\app\build\kotlin\compileDebugUnitTestKotlin\cacheable, C:\Users\hapto\AndroidStudioProjects\VectOS\app\build\kotlin\compileDebugUnitTestKotlin\local-state])
Finished executing kotlin compiler using DAEMON strategy
Resolve mutations for :app:compileDebugUnitTestJavaWithJavac (Thread[#535,Execution worker Thread 3,5,main]) started.
:app:compileDebugUnitTestJavaWithJavac (Thread[#535,Execution worker Thread 3,5,main]) started.

> Task :app:compileDebugUnitTestJavaWithJavac NO-SOURCE
Skipping task ':app:compileDebugUnitTestJavaWithJavac' as it has no source files and no previous output files.
Resolve mutations for :app:processDebugUnitTestJavaRes (Thread[#535,Execution worker Thread 3,5,main]) started.
:app:processDebugUnitTestJavaRes (Thread[#535,Execution worker Thread 3,5,main]) started.

> Task :app:processDebugUnitTestJavaRes UP-TO-DATE
file or directory 'C:\Users\hapto\AndroidStudioProjects\VectOS\app\src\test\resources', not found
file or directory 'C:\Users\hapto\AndroidStudioProjects\VectOS\app\src\testDebug\resources', not found
file or directory 'C:\Users\hapto\AndroidStudioProjects\VectOS\app\build\generated\ksp\debugUnitTest\classes', not found
file or directory 'C:\Users\hapto\AndroidStudioProjects\VectOS\app\build\generated\ksp\debugUnitTest\classes', not found
Caching disabled for task ':app:processDebugUnitTestJavaRes' because:
  Build cache is disabled
  Caching has been disabled for the task
Skipping task ':app:processDebugUnitTestJavaRes' as it is up-to-date.
Resolve mutations for :app:testDebugUnitTest (Thread[#535,Execution worker Thread 3,5,main]) started.
:app:testDebugUnitTest (Thread[#535,Execution worker Thread 3,5,main]) started.
Gradle Test Executor 2 started executing tests.
Gradle Test Executor 2 finished executing tests.

> Task :app:testDebugUnitTest FAILED
Caching disabled for task ':app:testDebugUnitTest' because:
  Build cache is disabled
Task ':app:testDebugUnitTest' is not up-to-date because:
  Task has failed previously.
file or directory 'C:\Users\hapto\AndroidStudioProjects\VectOS\app\build\generated\ksp\debugUnitTest\classes', not found
file or directory 'C:\Users\hapto\AndroidStudioProjects\VectOS\app\build\generated\ksp\debugUnitTest\classes', not found
file or directory 'C:\Users\hapto\AndroidStudioProjects\VectOS\app\build\generated\ksp\debugUnitTest\classes', not found
file or directory 'C:\Users\hapto\AndroidStudioProjects\VectOS\app\build\generated\ksp\debugUnitTest\classes', not found
file or directory 'C:\Users\hapto\AndroidStudioProjects\VectOS\app\build\generated\ksp\debugUnitTest\resources', not found
file or directory 'C:\Users\hapto\AndroidStudioProjects\VectOS\app\build\intermediates\javac\debugUnitTest\compileDebugUnitTestJavaWithJavac\classes', not found
Starting process 'Gradle Test Executor 2'. Working directory: C:\Users\hapto\AndroidStudioProjects\VectOS\app Command: C:\Program Files\Android\Android Studio\jbr\bin\java.exe -Djava.awt.headless=true -Djava.library.path=C:\Program Files\Android\Android Studio\jbr\bin;C:\WINDOWS\Sun\Java\bin;C:\WINDOWS\system32;C:\WINDOWS;C:\Windows\system32;C:\Windows;C:\Windows\System32\Wbem;C:\Windows\System32\WindowsPowerShell\v1.0\;C:\Windows\System32\OpenSSH\;C:\Program Files (x86)\NVIDIA Corporation\PhysX\Common;C:\Program Files\NVIDIA Corporation\NVIDIA NvDLISR;C:\Program Files\dotnet\;C:\Program Files\MATLAB\MATLAB Runtime\R2023b\runtime\win64;C:\Program Files\Microsoft SQL Server\150\Tools\Binn\;C:\Program Files\Microsoft SQL Server\Client SDK\ODBC\170\Tools\Binn\;C:\Program Files (x86)\Windows Kits\10\Windows Performance Toolkit\;C:\WINDOWS\system32;C:\WINDOWS;C:\WINDOWS\System32\Wbem;C:\WINDOWS\System32\WindowsPowerShell\v1.0\;C:\WINDOWS\System32\OpenSSH\;C:\Program Files\MySQL\MySQL Server 8.0\bin;C:\Program Files\PowerShell\7-preview\preview;C:\Program Files\Git\cmd;C:\Program Files\PowerShell\7\;C:\Program Files\MySQL\MySQL Shell 8.0\bin\;C:\Users\hapto\AppData\Local\Microsoft\WindowsApps;C:\Users\hapto\.dotnet\tools;C:\Users\hapto\AppData\Local\Programs\Microsoft VS Code\bin;C:\Users\hapto\AppData\Local\Microsoft\WindowsApps\python.exe;C:\Users\hapto\AppData\Local\Programs\cursor\resources\app\bin;C:\Users\hapto\AppData\Local\Programs\Antigravity\bin;C:\Users\hapto\AppData\Local\GitHubDesktop\bin;C:\Users\hapto\AppData\Local\PowerToys\DSCModules\;C:\Program Files\Android\Android Studio\jbr\bin;;.;C:\Users\hapto\AndroidStudioProjects\VectOS\app\src\testDebug\jniLibs;C:\Users\hapto\AndroidStudioProjects\VectOS\app\src\test\jniLibs -Dorg.gradle.internal.worker.tmpdir=C:\Users\hapto\AndroidStudioProjects\VectOS\app\build\tmp\testDebugUnitTest\work --add-opens=java.base/java.io=ALL-UNNAMED @C:\Users\hapto\.gradle\.tmp\gradle-worker-classpath10319799194066981793txt -Xmx512m -Dfile.encoding=UTF-8 -Duser.country=US -Duser.language=en -Duser.variant -ea worker.org.gradle.process.internal.worker.GradleWorkerMain 'Gradle Test Executor 2'
Successfully started process 'Gradle Test Executor 2'

CapacityEngineTest > verify interaction equations Chapter H1-1 STANDARD_OUT
    ratioAxial: 0.5
    ratioFlexureX: 0.0379466926248225
    ratioFlexureY: 0.0
    interactionRatio: 0.5337303934442866

CapacityEngineTest > verify interaction equations Chapter H1-1 FAILED
    java.lang.AssertionError: expected:<0.9> but was:<0.5337303934442866>
        at org.junit.Assert.fail(Assert.java:89)
        at org.junit.Assert.failNotEquals(Assert.java:835)
        at org.junit.Assert.assertEquals(Assert.java:555)
        at org.junit.Assert.assertEquals(Assert.java:685)
        at com.lz.vectos.domain.structural.CapacityEngineTest.verify interaction equations Chapter H1-1(CapacityEngineTest.kt:100)
Finished generating test XML results (0.001 secs) into: C:\Users\hapto\AndroidStudioProjects\VectOS\app\build\test-results\testDebugUnitTest
Generating HTML test report...
Finished generating test html results (0.003 secs) into: C:\Users\hapto\AndroidStudioProjects\VectOS\app\build\reports\tests\testDebugUnitTest
./gradlew : 
At line:1 char:1
+ ./gradlew testDebugUnitTest --tests "com.lz.vectos.domain.structural. ...
+ ~~~~~~~~~~~~~~~~~~~~~~~~~~~~~~~~~~~~~~~~~~~~~~~~~~~~~~~~~~~~~~~~~~~~~
    + CategoryInfo          : NotSpecified: (:String) [], RemoteException
    + FullyQualifiedErrorId : NativeCommandError
 
1 test completed, 1 failed

[Incubating] Problems report is available at: file:///C:/Users/hapto/AndroidStudioProjects/VectOS/build/reports/problems/problems-report.html

FAILURE: Build failed with an exception.

* What went wrong:
Execution failed for task ':app:testDebugUnitTest'.
> There were failing tests. See the report at: 
file:///C:/Users/hapto/AndroidStudioProjects/VectOS/app/build/reports/tests/testDebugUnitTest/index.html

* Try:
> Run with --scan to generate a Build Scan (powered by Develocity).

Deprecated Gradle features were used in this build, making it incompatible with Gradle 10.

You can use '--warning-mode all' to show the individual deprecation warnings and determine if they come from your own scripts or plugins.

For more on this, please refer to https://docs.gradle.org/9.2.1/userguide/command_line_interface.html#sec:command_line_warnings in the Gradle documentation.

BUILD FAILED in 2s
25 actionable tasks: 3 executed, 22 up-to-date
Watched directory hierarchies: [C:\Users\hapto\AndroidStudioProjects\VectOS]
